// Jest Snapshot v1, https://goo.gl/fbAQLP

exports[`IndexTable renders an IndexTableRow for every index sorted by name 1`] = `
Array [
  <IndexTableRow
    cancelAction={[Function]}
    index={
      Object {
        "name": "index1",
      }
    }
    processIndex={[Function]}
    resetAction={[Function]}
  />,
  <IndexTableRow
    cancelAction={[Function]}
    index={
      Object {
        "name": "index2",
      }
    }
    processIndex={[Function]}
    resetAction={[Function]}
  />,
  <IndexTableRow
    cancelAction={[Function]}
    index={
      Object {
        "name": "index3",
      }
    }
    processIndex={[Function]}
    resetAction={[Function]}
  />,
]
`;
