// Jest Snapshot v1, https://goo.gl/fbAQLP

exports[`DetailView should render empty state 1`] = `
"
null
"
`;

exports[`DetailView should render with data 1`] = `
"
<div class=\\"sc-cMljjf jKUSgI\\">
  <div class=\\"sc-jAaTju fOBily\\">
    <h2 class=\\"sc-jDwBTQ fDFNcU sc-dnqmqq dCozlM\\">
      Error occurrence
    </h2>
    <a href=\\"/app/kibana#/discover?_g=&amp;_a=(interval:auto,query:(language:lucene,query:'context.service.name:opbeans-node AND error.grouping_key:c00e245c2fbebaf178fc31eeb2bb0250'),sort:('@timestamp':desc))\\"
       class=\\"kuiLink \\"
    >
      <button class=\\"kuiButton kuiButton--secondary kuiButton--iconText\\">
        <span class=\\"kuiButton__inner\\">
          <span aria-hidden=\\"true\\"
                class=\\"kuiButton__icon kuiIcon fa-compass\\"
          >
          </span>
          <span>
            View 18 occurences in Discover
          </span>
        </span>
      </button>
    </a>
  </div>
  <div class=\\"sc-bwzfXH huQaMK\\">
    <div class=\\"sc-htpNat fEjTrY\\">
      <div class=\\"sc-ifAKCX doXeXX\\">
        <span aria-describedby=\\"overlay1\\">
          Timestamp
        </span>
      </div>
      <div class=\\"sc-EHOje bZJVsZ\\">
        1515508740
        <span class=\\"sc-bZQynM bHRdln\\">
          (1515508740)
        </span>
      </div>
    </div>
    <div class=\\"sc-bxivhb qVVbB\\">
      <div class=\\"sc-ifAKCX doXeXX\\">
        <span aria-describedby=\\"overlay2\\">
          URL
        </span>
      </div>
      <span class=\\"sc-gzVnrw bEfNkT\\"
            aria-describedby=\\"overlay3\\"
      >
        N/A
      </span>
    </div>
    <div class=\\"sc-htpNat fEjTrY\\">
      <div class=\\"sc-ifAKCX doXeXX\\">
        <span aria-describedby=\\"overlay4\\">
          Request method
        </span>
      </div>
      <div class=\\"sc-EHOje bZJVsZ\\">
        GET
      </div>
    </div>
    <div class=\\"sc-htpNat fEjTrY\\">
      <div class=\\"sc-ifAKCX doXeXX\\">
        <span aria-describedby=\\"overlay5\\">
          Handled
        </span>
      </div>
      <div class=\\"sc-EHOje bZJVsZ\\">
        N/A
      </div>
    </div>
    <div class=\\"sc-htpNat fEjTrY\\">
      <div class=\\"sc-ifAKCX doXeXX\\">
        <span aria-describedby=\\"overlay6\\">
          User ID
        </span>
      </div>
      <div class=\\"sc-EHOje bZJVsZ\\">
        N/A
      </div>
    </div>
  </div>
  <div class=\\"sc-gPEVay eyWItc\\">
    <div class=\\"sc-gZMcBi gMIJRx\\">
      Exception stacktrace
    </div>
    <div class=\\"sc-gZMcBi PApba\\">
      Request
    </div>
    <div class=\\"sc-gZMcBi PApba\\">
      Response
    </div>
    <div class=\\"sc-gZMcBi PApba\\">
      System
    </div>
    <div class=\\"sc-gZMcBi PApba\\">
      Service
    </div>
    <div class=\\"sc-gZMcBi PApba\\">
      Process
    </div>
    <div class=\\"sc-gZMcBi PApba\\">
      User
    </div>
    <div class=\\"sc-gZMcBi PApba\\">
      Tags
    </div>
    <div class=\\"sc-gZMcBi PApba\\">
      Custom
    </div>
  </div>
  <div class=\\"sc-iRbamj hxkDjE\\">
    <div>
      <div class=\\"sc-kGXeez fmQQCp\\">
        <div class=\\"sc-chPdSV lfyfwB\\">
          <span class=\\"sc-kgoBCf jjTEJo\\">
            server/coffee.js
          </span>
          in
          <span class=\\"sc-kgoBCf jjTEJo\\">
            &lt;anonymous&gt;
          </span>
          at
          <span class=\\"sc-kgoBCf jjTEJo\\">
            line 9
          </span>
        </div>
        <div class=\\"sc-kpOJdX eQIJtO\\">
          <div class=\\"sc-dxgOiQ jxqHTp\\">
          </div>
          <div class=\\"sc-ckVGcZ cBIBBB\\">
            <div class=\\"sc-jKJlTe iZdTZe\\">
              2.
            </div>
            <div class=\\"sc-jKJlTe iZdTZe\\">
              3.
            </div>
            <div class=\\"sc-jKJlTe iZdTZe\\">
              4.
            </div>
            <div class=\\"sc-jKJlTe iZdTZe\\">
              5.
            </div>
            <div class=\\"sc-jKJlTe iZdTZe\\">
              6.
            </div>
            <div class=\\"sc-jKJlTe iZdTZe\\">
              7.
            </div>
            <div class=\\"sc-jKJlTe iZdTZe\\">
              8.
            </div>
            <div class=\\"sc-jKJlTe cJZviG\\">
              9.
            </div>
            <div class=\\"sc-jKJlTe iZdTZe\\">
              10.
            </div>
            <div class=\\"sc-jKJlTe iZdTZe\\">
              11.
            </div>
            <div class=\\"sc-jKJlTe iZdTZe\\">
              12.
            </div>
            <div class=\\"sc-jKJlTe iZdTZe\\">
              13.
            </div>
            <div class=\\"sc-jKJlTe iZdTZe\\">
              14.
            </div>
            <div class=\\"sc-jKJlTe iZdTZe\\">
              15.
            </div>
            <div class=\\"sc-jKJlTe iZdTZe\\">
              16.
            </div>
          </div>
          <div class=\\"sc-eNQAEJ cmtSsR\\">
            <pre class=\\"sc-hMqMXs bHaJXc\\"
                 style=\\"display: block; background: rgb(255, 255, 255); color: black;\\"
            >
              <code class=\\"sc-kEYyzF fLxpgb\\">
              </code>
            </pre>
            <pre class=\\"sc-hMqMXs bHaJXc\\"
                 style=\\"display: block; background: rgb(255, 255, 255); color: black;\\"
            >
              <code class=\\"sc-kEYyzF fLxpgb\\">
                <span style=\\"color: rgb(170, 13, 145);\\">
                  var
                </span>
                express =
                <span style=\\"color: rgb(92, 38, 153);\\">
                  require
                </span>
                (
                <span style=\\"color: rgb(196, 26, 22);\\">
                  'express'
                </span>
                )
              </code>
            </pre>
            <pre class=\\"sc-hMqMXs bHaJXc\\"
                 style=\\"display: block; background: rgb(255, 255, 255); color: black;\\"
            >
              <code class=\\"sc-kEYyzF fLxpgb\\">
                <span style=\\"color: rgb(170, 13, 145);\\">
                  var
                </span>
                apm =
                <span style=\\"color: rgb(92, 38, 153);\\">
                  require
                </span>
                (
                <span style=\\"color: rgb(196, 26, 22);\\">
                  'elastic-apm-node'
                </span>
                )
              </code>
            </pre>
            <pre class=\\"sc-hMqMXs bHaJXc\\"
                 style=\\"display: block; background: rgb(255, 255, 255); color: black;\\"
            >
              <code class=\\"sc-kEYyzF fLxpgb\\">
              </code>
            </pre>
            <pre class=\\"sc-hMqMXs bHaJXc\\"
                 style=\\"display: block; background: rgb(255, 255, 255); color: black;\\"
            >
              <code class=\\"sc-kEYyzF fLxpgb\\">
                <span style=\\"color: rgb(170, 13, 145);\\">
                  var
                </span>
                app =
                <span style=\\"color: rgb(92, 38, 153);\\">
                  module
                </span>
                .exports =
                <span style=\\"color: rgb(170, 13, 145);\\">
                  new
                </span>
                express.Router()
              </code>
            </pre>
            <pre class=\\"sc-hMqMXs bHaJXc\\"
                 style=\\"display: block; background: rgb(255, 255, 255); color: black;\\"
            >
              <code class=\\"sc-kEYyzF fLxpgb\\">
              </code>
            </pre>
            <pre class=\\"sc-hMqMXs bHaJXc\\"
                 style=\\"display: block; background: rgb(255, 255, 255); color: black;\\"
            >
              <code class=\\"sc-kEYyzF fLxpgb\\">
                app.get(
                <span style=\\"color: rgb(196, 26, 22);\\">
                  '/is-it-coffee-time'
                </span>
                ,
                <span>
                  <span style=\\"color: rgb(170, 13, 145);\\">
                    function
                  </span>
                  (
                  <span style=\\"color: rgb(92, 38, 153);\\">
                    req, res
                  </span>
                  )
                </span>
                {
              </code>
            </pre>
            <pre class=\\"sc-hMqMXs bHaJXc\\"
                 style=\\"display: block; background: rgb(255, 255, 255); color: black;\\"
            >
              <code class=\\"sc-kEYyzF fLxpgb\\">
                <span style=\\"color: rgb(170, 13, 145);\\">
                  if
                </span>
                (req.paarms.level ===
                <span style=\\"color: rgb(28, 0, 207);\\">
                  11
                </span>
                ) {
              </code>
            </pre>
            <pre class=\\"sc-hMqMXs bHaJXc\\"
                 style=\\"display: block; background: rgb(255, 255, 255); color: black;\\"
            >
              <code class=\\"sc-kEYyzF fLxpgb\\">
                res.send(
                <span style=\\"color: rgb(196, 26, 22);\\">
                  'Of course!'
                </span>
                )
              </code>
            </pre>
            <pre class=\\"sc-hMqMXs bHaJXc\\"
                 style=\\"display: block; background: rgb(255, 255, 255); color: black;\\"
            >
              <code class=\\"sc-kEYyzF fLxpgb\\">
                }
                <span style=\\"color: rgb(170, 13, 145);\\">
                  else
                </span>
                {
              </code>
            </pre>
            <pre class=\\"sc-hMqMXs bHaJXc\\"
                 style=\\"display: block; background: rgb(255, 255, 255); color: black;\\"
            >
              <code class=\\"sc-kEYyzF fLxpgb\\">
                res.send(
                <span style=\\"color: rgb(196, 26, 22);\\">
                  'You can\\\\'t have any!'
                </span>
                )
              </code>
            </pre>
            <pre class=\\"sc-hMqMXs bHaJXc\\"
                 style=\\"display: block; background: rgb(255, 255, 255); color: black;\\"
            >
              <code class=\\"sc-kEYyzF fLxpgb\\">
                }
              </code>
            </pre>
            <pre class=\\"sc-hMqMXs bHaJXc\\"
                 style=\\"display: block; background: rgb(255, 255, 255); color: black;\\"
            >
              <code class=\\"sc-kEYyzF fLxpgb\\">
                })
              </code>
            </pre>
            <pre class=\\"sc-hMqMXs bHaJXc\\"
                 style=\\"display: block; background: rgb(255, 255, 255); color: black;\\"
            >
              <code class=\\"sc-kEYyzF fLxpgb\\">
              </code>
            </pre>
            <pre class=\\"sc-hMqMXs bHaJXc\\"
                 style=\\"display: block; background: rgb(255, 255, 255); color: black;\\"
            >
              <code class=\\"sc-kEYyzF fLxpgb\\">
                app.get(
                <span style=\\"color: rgb(196, 26, 22);\\">
                  '/log-error'
                </span>
                ,
                <span>
                  <span style=\\"color: rgb(170, 13, 145);\\">
                    function
                  </span>
                  (
                  <span style=\\"color: rgb(92, 38, 153);\\">
                    req, res
                  </span>
                  )
                </span>
                {
              </code>
            </pre>
          </div>
        </div>
      </div>
      <div>
        <div class=\\"sc-jWBwVP jQhdZO\\">
          <a style=\\"cursor: pointer;\\">
            <i class=\\"fa fa-ellipsis-v undefined\\"
               style=\\"margin-right: 8px;\\"
            >
            </i>
            14 library frames
          </a>
        </div>
        <div class=\\"sc-brqgnP SqPLV\\">
        </div>
      </div>
      <div class=\\"sc-kGXeez fmQQCp\\">
        <div class=\\"sc-chPdSV lfyfwB\\">
          <span class=\\"sc-kgoBCf jjTEJo\\">
            server.js
          </span>
          in
          <span class=\\"sc-kgoBCf jjTEJo\\">
            &lt;anonymous&gt;
          </span>
          at
          <span class=\\"sc-kgoBCf jjTEJo\\">
            line 27
          </span>
        </div>
        <div class=\\"sc-kpOJdX eQIJtO\\">
          <div class=\\"sc-dxgOiQ jxqHTp\\">
          </div>
          <div class=\\"sc-ckVGcZ cBIBBB\\">
            <div class=\\"sc-jKJlTe iZdTZe\\">
              20.
            </div>
            <div class=\\"sc-jKJlTe iZdTZe\\">
              21.
            </div>
            <div class=\\"sc-jKJlTe iZdTZe\\">
              22.
            </div>
            <div class=\\"sc-jKJlTe iZdTZe\\">
              23.
            </div>
            <div class=\\"sc-jKJlTe iZdTZe\\">
              24.
            </div>
            <div class=\\"sc-jKJlTe iZdTZe\\">
              25.
            </div>
            <div class=\\"sc-jKJlTe iZdTZe\\">
              26.
            </div>
            <div class=\\"sc-jKJlTe cJZviG\\">
              27.
            </div>
            <div class=\\"sc-jKJlTe iZdTZe\\">
              28.
            </div>
            <div class=\\"sc-jKJlTe iZdTZe\\">
              29.
            </div>
            <div class=\\"sc-jKJlTe iZdTZe\\">
              30.
            </div>
            <div class=\\"sc-jKJlTe iZdTZe\\">
              31.
            </div>
            <div class=\\"sc-jKJlTe iZdTZe\\">
              32.
            </div>
            <div class=\\"sc-jKJlTe iZdTZe\\">
              33.
            </div>
            <div class=\\"sc-jKJlTe iZdTZe\\">
              34.
            </div>
          </div>
          <div class=\\"sc-eNQAEJ cmtSsR\\">
            <pre class=\\"sc-hMqMXs bHaJXc\\"
                 style=\\"display: block; background: rgb(255, 255, 255); color: black;\\"
            >
              <code class=\\"sc-kEYyzF fLxpgb\\">
                app.use(
                <span style=\\"color: rgb(92, 38, 153);\\">
                  require
                </span>
                (
                <span style=\\"color: rgb(196, 26, 22);\\">
                  'body-parser'
                </span>
                ).json())
              </code>
            </pre>
            <pre class=\\"sc-hMqMXs bHaJXc\\"
                 style=\\"display: block; background: rgb(255, 255, 255); color: black;\\"
            >
              <code class=\\"sc-kEYyzF fLxpgb\\">
                app.use(express.static(
                <span style=\\"color: rgb(196, 26, 22);\\">
                  'client/build'
                </span>
                ))
              </code>
            </pre>
            <pre class=\\"sc-hMqMXs bHaJXc\\"
                 style=\\"display: block; background: rgb(255, 255, 255); color: black;\\"
            >
              <code class=\\"sc-kEYyzF fLxpgb\\">
                app.use(
                <span>
                  <span style=\\"color: rgb(170, 13, 145);\\">
                    function
                  </span>
                  (
                  <span style=\\"color: rgb(92, 38, 153);\\">
                    req, res, next
                  </span>
                  )
                </span>
                {
              </code>
            </pre>
            <pre class=\\"sc-hMqMXs bHaJXc\\"
                 style=\\"display: block; background: rgb(255, 255, 255); color: black;\\"
            >
              <code class=\\"sc-kEYyzF fLxpgb\\">
                apm.setTag(
                <span style=\\"color: rgb(196, 26, 22);\\">
                  'foo'
                </span>
                ,
                <span style=\\"color: rgb(196, 26, 22);\\">
                  'bar'
                </span>
                )
              </code>
            </pre>
            <pre class=\\"sc-hMqMXs bHaJXc\\"
                 style=\\"display: block; background: rgb(255, 255, 255); color: black;\\"
            >
              <code class=\\"sc-kEYyzF fLxpgb\\">
                apm.setTag(
                <span style=\\"color: rgb(196, 26, 22);\\">
                  'lorem'
                </span>
                ,
                <span style=\\"color: rgb(196, 26, 22);\\">
                  'ipsum dolor sit amet, consectetur adipiscing elit. Nulla finibus, ipsum id scelerisque consequat, enim leo vulputate massa, vel ultricies ante neque ac risus. Curabitur tincidunt vitae sapien id pulvinar. Mauris eu vestibulum tortor. Integer sit amet lorem fringilla, egestas tellus vitae, vulputate purus. Nulla feugiat blandit nunc et semper. Morbi purus libero, mattis sed mauris non, euismod iaculis lacus. Curabitur eleifend ante eros, non faucibus velit lacinia id. Duis posuere libero augue, at dignissim urna consectetur eget. Praesent eu congue est, iaculis finibus augue.'
                </span>
                )
              </code>
            </pre>
            <pre class=\\"sc-hMqMXs bHaJXc\\"
                 style=\\"display: block; background: rgb(255, 255, 255); color: black;\\"
            >
              <code class=\\"sc-kEYyzF fLxpgb\\">
                apm.setTag(
                <span style=\\"color: rgb(196, 26, 22);\\">
                  'this-is-a-very-long-tag-name-without-any-spaces'
                </span>
                ,
                <span style=\\"color: rgb(196, 26, 22);\\">
                  'test'
                </span>
                )
              </code>
            </pre>
            <pre class=\\"sc-hMqMXs bHaJXc\\"
                 style=\\"display: block; background: rgb(255, 255, 255); color: black;\\"
            >
              <code class=\\"sc-kEYyzF fLxpgb\\">
                apm.setTag(
                <span style=\\"color: rgb(196, 26, 22);\\">
                  'multi-line'
                </span>
                ,
                <span style=\\"color: rgb(196, 26, 22);\\">
                  'foo\\\\nbar\\\\nbaz'
                </span>
                )
              </code>
            </pre>
            <pre class=\\"sc-hMqMXs bHaJXc\\"
                 style=\\"display: block; background: rgb(255, 255, 255); color: black;\\"
            >
              <code class=\\"sc-kEYyzF fLxpgb\\">
                next()
              </code>
            </pre>
            <pre class=\\"sc-hMqMXs bHaJXc\\"
                 style=\\"display: block; background: rgb(255, 255, 255); color: black;\\"
            >
              <code class=\\"sc-kEYyzF fLxpgb\\">
                })
              </code>
            </pre>
            <pre class=\\"sc-hMqMXs bHaJXc\\"
                 style=\\"display: block; background: rgb(255, 255, 255); color: black;\\"
            >
              <code class=\\"sc-kEYyzF fLxpgb\\">
              </code>
            </pre>
            <pre class=\\"sc-hMqMXs bHaJXc\\"
                 style=\\"display: block; background: rgb(255, 255, 255); color: black;\\"
            >
              <code class=\\"sc-kEYyzF fLxpgb\\">
                app.use(
                <span style=\\"color: rgb(92, 38, 153);\\">
                  require
                </span>
                (
                <span style=\\"color: rgb(196, 26, 22);\\">
                  './server/coffee'
                </span>
                ))
              </code>
            </pre>
            <pre class=\\"sc-hMqMXs bHaJXc\\"
                 style=\\"display: block; background: rgb(255, 255, 255); color: black;\\"
            >
              <code class=\\"sc-kEYyzF fLxpgb\\">
                app.use(
                <span style=\\"color: rgb(196, 26, 22);\\">
                  '/api'
                </span>
                ,
                <span style=\\"color: rgb(92, 38, 153);\\">
                  require
                </span>
                (
                <span style=\\"color: rgb(196, 26, 22);\\">
                  './server/routes'
                </span>
                ))
              </code>
            </pre>
            <pre class=\\"sc-hMqMXs bHaJXc\\"
                 style=\\"display: block; background: rgb(255, 255, 255); color: black;\\"
            >
              <code class=\\"sc-kEYyzF fLxpgb\\">
                app.get(
                <span style=\\"color: rgb(196, 26, 22);\\">
                  '*'
                </span>
                ,
                <span>
                  <span style=\\"color: rgb(170, 13, 145);\\">
                    function
                  </span>
                  (
                  <span style=\\"color: rgb(92, 38, 153);\\">
                    req, res
                  </span>
                  )
                </span>
                {
              </code>
            </pre>
            <pre class=\\"sc-hMqMXs bHaJXc\\"
                 style=\\"display: block; background: rgb(255, 255, 255); color: black;\\"
            >
              <code class=\\"sc-kEYyzF fLxpgb\\">
                res.sendFile(path.resolve(__dirname,
                <span style=\\"color: rgb(196, 26, 22);\\">
                  'client/build'
                </span>
                ,
                <span style=\\"color: rgb(196, 26, 22);\\">
                  'index.html'
                </span>
                ))
              </code>
            </pre>
            <pre class=\\"sc-hMqMXs bHaJXc\\"
                 style=\\"display: block; background: rgb(255, 255, 255); color: black;\\"
            >
              <code class=\\"sc-kEYyzF fLxpgb\\">
                })
              </code>
            </pre>
          </div>
        </div>
      </div>
      <div>
        <div class=\\"sc-jWBwVP jQhdZO\\">
          <a style=\\"cursor: pointer;\\">
            <i class=\\"fa fa-ellipsis-v undefined\\"
               style=\\"margin-right: 8px;\\"
            >
            </i>
            15 library frames
          </a>
        </div>
        <div class=\\"sc-brqgnP SqPLV\\">
        </div>
      </div>
    </div>
  </div>
</div>
"
`;
