// Jest Snapshot v1, https://goo.gl/fbAQLP

exports[`KibanaLinkComponent should render correct markup 1`] = `
"
<a href=\\"/app/kibana#/discover?_g=&amp;_a=(interval:auto,query:(language:lucene,query:'context.app.name:myAppName AND error.grouping_key:myGroupId'),sort:('@timestamp':desc))\\"
   class=\\"kuiLink \\"
>
  Go to Discover
</a>
"
`;

exports[`RelativeLinkComponent should render correct markup 1`] = `
"
<a class=\\"kuiLink \\"
   href=\\"/opbeans-backend/errors?_g=(refreshInterval:(display:Off,pause:!f,value:0),time:(from:now-2y,mode:quick,to:now))\\"
>
  Errors
</a>
"
`;
