// Jest Snapshot v1, https://goo.gl/fbAQLP

exports[`CheckerErrors should render nothing if errors is empty 1`] = `null`;

exports[`CheckerErrors should render typical boom errors from api response 1`] = `
Array [
  <h2
    class="euiTitle euiTitle--small"
  >
    Errors
  </h2>,
  <p>
    There were some errors encountered in trying to check Elasticsearch settings. You need administrator rights to check the settings and, if needed, to enable the monitoring collection setting.
  </p>,
  <div>
    <span
      class="euiTextColor euiTextColor--danger"
    >
      <div
        class="euiFlexGroup euiFlexGroup--gutterSmall euiFlexGroup--alignItemsCenter euiFlexGroup--responsive"
      >
        <div
          class="euiFlexItem euiFlexItem--flexGrowZero"
        >
          <svg
            aria-label="alert"
            class="euiIcon euiIcon--medium euiIcon--danger"
            height="16"
            viewBox="0 0 16 16"
            width="16"
            xmlns="http://www.w3.org/2000/svg"
          >
            <g
              fill-rule="evenodd"
            >
              <path
                d="M7.5 2.236L1.618 14h11.764L7.5 2.236zm.894-.447l5.882 11.764A1 1 0 0 1 13.382 15H1.618a1 1 0 0 1-.894-1.447L6.606 1.789a1 1 0 0 1 1.788 0z"
              />
              <path
                d="M7 6h1v5H7zM7 12h1v1H7z"
              />
            </g>
          </svg>
        </div>
        <div
          class="euiFlexItem euiFlexItem--flexGrowZero"
        >
          403 Forbidden
        </div>
        <div
          class="euiFlexItem euiFlexItem--flexGrowZero"
        >
          Error: no access for you
        </div>
      </div>
    </span>
  </div>,
  <div>
    <span
      class="euiTextColor euiTextColor--danger"
    >
      <div
        class="euiFlexGroup euiFlexGroup--gutterSmall euiFlexGroup--alignItemsCenter euiFlexGroup--responsive"
      >
        <div
          class="euiFlexItem euiFlexItem--flexGrowZero"
        >
          <svg
            aria-label="alert"
            class="euiIcon euiIcon--medium euiIcon--danger"
            height="16"
            viewBox="0 0 16 16"
            width="16"
            xmlns="http://www.w3.org/2000/svg"
          >
            <g
              fill-rule="evenodd"
            >
              <path
                d="M7.5 2.236L1.618 14h11.764L7.5 2.236zm.894-.447l5.882 11.764A1 1 0 0 1 13.382 15H1.618a1 1 0 0 1-.894-1.447L6.606 1.789a1 1 0 0 1 1.788 0z"
              />
              <path
                d="M7 6h1v5H7zM7 12h1v1H7z"
              />
            </g>
          </svg>
        </div>
        <div
          class="euiFlexItem euiFlexItem--flexGrowZero"
        >
          500 Internal Server Error
        </div>
        <div
          class="euiFlexItem euiFlexItem--flexGrowZero"
        >
          An internal server error occurred
        </div>
      </div>
    </span>
  </div>,
]
`;
