// Jest Snapshot v1, https://goo.gl/fbAQLP

exports[`Histogram Initially should have default markup 1`] = `
"
<div class=\\"rv-xy-plot \\"
     style=\\"width: 800px; height: 120px;\\"
>
  <svg class=\\"rv-xy-plot__inner\\"
       width=\\"800\\"
       height=\\"120\\"
  >
    <g transform=\\"translate(70,20)\\"
       class=\\"rv-xy-plot__grid-lines\\"
    >
      <line y1=\\"60\\"
            y2=\\"60\\"
            x1=\\"0\\"
            x2=\\"720\\"
            class=\\"rv-xy-plot__grid-lines__line\\"
      >
      </line>
      <line y1=\\"30\\"
            y2=\\"30\\"
            x1=\\"0\\"
            x2=\\"720\\"
            class=\\"rv-xy-plot__grid-lines__line\\"
      >
      </line>
      <line y1=\\"0\\"
            y2=\\"0\\"
            x1=\\"0\\"
            x2=\\"720\\"
            class=\\"rv-xy-plot__grid-lines__line\\"
      >
      </line>
    </g>
    <g transform=\\"translate(70,80)\\"
       class=\\"rv-xy-plot__axis rv-xy-plot__axis--horizontal \\"
       style=\\"stroke-width: 1px;\\"
    >
      <line x1=\\"0\\"
            x2=\\"720\\"
            y1=\\"0\\"
            y2=\\"0\\"
            class=\\"rv-xy-plot__axis__line\\"
            style=\\"stroke-width: 1px;\\"
      >
      </line>
      <g transform=\\"translate(0, 0)\\"
         class=\\"rv-xy-plot__axis__ticks\\"
      >
        <g transform=\\"translate(0, 0)\\"
           class=\\"rv-xy-plot__axis__tick\\"
           style=\\"stroke-width: 1px;\\"
        >
          <line x1=\\"0\\"
                x2=\\"0\\"
                y1=\\"0\\"
                y2=\\"10\\"
                class=\\"rv-xy-plot__axis__tick__line\\"
                style=\\"stroke-width: 1px;\\"
          >
          </line>
          <text text-anchor=\\"middle\\"
                dy=\\"0.72em\\"
                transform=\\"translate(0, 18)\\"
                class=\\"rv-xy-plot__axis__tick__text\\"
                style=\\"stroke-width: 1px;\\"
          >
            0
          </text>
        </g>
        <g transform=\\"translate(110.96370747007678, 0)\\"
           class=\\"rv-xy-plot__axis__tick\\"
           style=\\"stroke-width: 1px;\\"
        >
          <line x1=\\"0\\"
                x2=\\"0\\"
                y1=\\"0\\"
                y2=\\"10\\"
                class=\\"rv-xy-plot__axis__tick__line\\"
                style=\\"stroke-width: 1px;\\"
          >
          </line>
          <text text-anchor=\\"middle\\"
                dy=\\"0.72em\\"
                transform=\\"translate(0, 18)\\"
                class=\\"rv-xy-plot__axis__tick__text\\"
                style=\\"stroke-width: 1px;\\"
          >
            500 ms
          </text>
        </g>
        <g transform=\\"translate(221.92741494015357, 0)\\"
           class=\\"rv-xy-plot__axis__tick\\"
           style=\\"stroke-width: 1px;\\"
        >
          <line x1=\\"0\\"
                x2=\\"0\\"
                y1=\\"0\\"
                y2=\\"10\\"
                class=\\"rv-xy-plot__axis__tick__line\\"
                style=\\"stroke-width: 1px;\\"
          >
          </line>
          <text text-anchor=\\"middle\\"
                dy=\\"0.72em\\"
                transform=\\"translate(0, 18)\\"
                class=\\"rv-xy-plot__axis__tick__text\\"
                style=\\"stroke-width: 1px;\\"
          >
            1,000 ms
          </text>
        </g>
        <g transform=\\"translate(332.89112241023037, 0)\\"
           class=\\"rv-xy-plot__axis__tick\\"
           style=\\"stroke-width: 1px;\\"
        >
          <line x1=\\"0\\"
                x2=\\"0\\"
                y1=\\"0\\"
                y2=\\"10\\"
                class=\\"rv-xy-plot__axis__tick__line\\"
                style=\\"stroke-width: 1px;\\"
          >
          </line>
          <text text-anchor=\\"middle\\"
                dy=\\"0.72em\\"
                transform=\\"translate(0, 18)\\"
                class=\\"rv-xy-plot__axis__tick__text\\"
                style=\\"stroke-width: 1px;\\"
          >
            1,500 ms
          </text>
        </g>
        <g transform=\\"translate(443.85482988030714, 0)\\"
           class=\\"rv-xy-plot__axis__tick\\"
           style=\\"stroke-width: 1px;\\"
        >
          <line x1=\\"0\\"
                x2=\\"0\\"
                y1=\\"0\\"
                y2=\\"10\\"
                class=\\"rv-xy-plot__axis__tick__line\\"
                style=\\"stroke-width: 1px;\\"
          >
          </line>
          <text text-anchor=\\"middle\\"
                dy=\\"0.72em\\"
                transform=\\"translate(0, 18)\\"
                class=\\"rv-xy-plot__axis__tick__text\\"
                style=\\"stroke-width: 1px;\\"
          >
            2,000 ms
          </text>
        </g>
        <g transform=\\"translate(554.8185373503838, 0)\\"
           class=\\"rv-xy-plot__axis__tick\\"
           style=\\"stroke-width: 1px;\\"
        >
          <line x1=\\"0\\"
                x2=\\"0\\"
                y1=\\"0\\"
                y2=\\"10\\"
                class=\\"rv-xy-plot__axis__tick__line\\"
                style=\\"stroke-width: 1px;\\"
          >
          </line>
          <text text-anchor=\\"middle\\"
                dy=\\"0.72em\\"
                transform=\\"translate(0, 18)\\"
                class=\\"rv-xy-plot__axis__tick__text\\"
                style=\\"stroke-width: 1px;\\"
          >
            2,500 ms
          </text>
        </g>
        <g transform=\\"translate(665.7822448204607, 0)\\"
           class=\\"rv-xy-plot__axis__tick\\"
           style=\\"stroke-width: 1px;\\"
        >
          <line x1=\\"0\\"
                x2=\\"0\\"
                y1=\\"0\\"
                y2=\\"10\\"
                class=\\"rv-xy-plot__axis__tick__line\\"
                style=\\"stroke-width: 1px;\\"
          >
          </line>
          <text text-anchor=\\"middle\\"
                dy=\\"0.72em\\"
                transform=\\"translate(0, 18)\\"
                class=\\"rv-xy-plot__axis__tick__text\\"
                style=\\"stroke-width: 1px;\\"
          >
            3,000 ms
          </text>
        </g>
      </g>
    </g>
    <g transform=\\"translate(0,20)\\"
       class=\\"rv-xy-plot__axis rv-xy-plot__axis--vertical \\"
    >
      <g transform=\\"translate(70, 0)\\"
         class=\\"rv-xy-plot__axis__ticks\\"
      >
        <g transform=\\"translate(0, 60)\\"
           class=\\"rv-xy-plot__axis__tick\\"
        >
          <line y1=\\"0\\"
                y2=\\"0\\"
                x1=\\"0\\"
                x2=\\"0\\"
                class=\\"rv-xy-plot__axis__tick__line\\"
          >
          </line>
          <text text-anchor=\\"end\\"
                dy=\\"0.32em\\"
                transform=\\"translate(-8, 0)\\"
                class=\\"rv-xy-plot__axis__tick__text\\"
          >
            0.0
          </text>
        </g>
        <g transform=\\"translate(0, 30)\\"
           class=\\"rv-xy-plot__axis__tick\\"
        >
          <line y1=\\"0\\"
                y2=\\"0\\"
                x1=\\"0\\"
                x2=\\"0\\"
                class=\\"rv-xy-plot__axis__tick__line\\"
          >
          </line>
          <text text-anchor=\\"end\\"
                dy=\\"0.32em\\"
                transform=\\"translate(-8, 0)\\"
                class=\\"rv-xy-plot__axis__tick__text\\"
          >
            27.5 rpm
          </text>
        </g>
        <g transform=\\"translate(0, 0)\\"
           class=\\"rv-xy-plot__axis__tick\\"
        >
          <line y1=\\"0\\"
                y2=\\"0\\"
                x1=\\"0\\"
                x2=\\"0\\"
                class=\\"rv-xy-plot__axis__tick__line\\"
          >
          </line>
          <text text-anchor=\\"end\\"
                dy=\\"0.32em\\"
                transform=\\"translate(-8, 0)\\"
                class=\\"rv-xy-plot__axis__tick__text\\"
          >
            55.0 rpm
          </text>
        </g>
      </g>
    </g>
    <g class=\\"rv-xy-plot__series rv-xy-plot__series--rect \\"
       transform=\\"translate(70,20)\\"
    >
      <rect x=\\"1.2857142857142856\\"
            width=\\"23.142857142857146\\"
            y=\\"60\\"
            height=\\"0\\"
            style=\\"opacity: 1; stroke: rgb(172, 189, 216); fill: rgb(172, 189, 216);\\"
      >
      </rect>
      <rect x=\\"27\\"
            width=\\"23.142857142857146\\"
            y=\\"60\\"
            height=\\"0\\"
            style=\\"opacity: 1; stroke: rgb(172, 189, 216); fill: rgb(172, 189, 216);\\"
      >
      </rect>
      <rect x=\\"52.714285714285715\\"
            width=\\"23.14285714285713\\"
            y=\\"60\\"
            height=\\"0\\"
            style=\\"opacity: 1; stroke: rgb(172, 189, 216); fill: rgb(172, 189, 216);\\"
      >
      </rect>
      <rect x=\\"78.42857142857143\\"
            width=\\"23.14285714285714\\"
            y=\\"60\\"
            height=\\"0\\"
            style=\\"opacity: 1; stroke: rgb(172, 189, 216); fill: rgb(172, 189, 216);\\"
      >
      </rect>
      <rect x=\\"104.14285714285715\\"
            width=\\"23.142857142857125\\"
            y=\\"60\\"
            height=\\"0\\"
            style=\\"opacity: 1; stroke: rgb(172, 189, 216); fill: rgb(172, 189, 216);\\"
      >
      </rect>
      <rect x=\\"129.85714285714286\\"
            width=\\"23.14285714285714\\"
            y=\\"51.27272727272727\\"
            height=\\"8.727272727272727\\"
            style=\\"opacity: 1; stroke: rgb(172, 189, 216); fill: rgb(172, 189, 216);\\"
      >
      </rect>
      <rect x=\\"155.57142857142858\\"
            width=\\"23.14285714285714\\"
            y=\\"34.90909090909091\\"
            height=\\"25.090909090909093\\"
            style=\\"opacity: 1; stroke: rgb(172, 189, 216); fill: rgb(172, 189, 216);\\"
      >
      </rect>
      <rect x=\\"181.28571428571428\\"
            width=\\"23.14285714285714\\"
            y=\\"6.545454545454547\\"
            height=\\"53.45454545454545\\"
            style=\\"opacity: 1; stroke: rgb(172, 189, 216); fill: rgb(172, 189, 216);\\"
      >
      </rect>
      <rect x=\\"207.00000000000003\\"
            width=\\"23.142857142857082\\"
            y=\\"4.363636363636367\\"
            height=\\"55.63636363636363\\"
            style=\\"opacity: 1; stroke: rgb(172, 189, 216); fill: rgb(172, 189, 216);\\"
      >
      </rect>
      <rect x=\\"232.7142857142857\\"
            width=\\"23.142857142857167\\"
            y=\\"9.81818181818182\\"
            height=\\"50.18181818181818\\"
            style=\\"opacity: 1; stroke: rgb(172, 189, 216); fill: rgb(172, 189, 216);\\"
      >
      </rect>
      <rect x=\\"258.4285714285714\\"
            width=\\"23.142857142857224\\"
            y=\\"45.81818181818182\\"
            height=\\"14.18181818181818\\"
            style=\\"opacity: 1; stroke: rgb(172, 189, 216); fill: rgb(172, 189, 216);\\"
      >
      </rect>
      <rect x=\\"284.1428571428571\\"
            width=\\"23.142857142857224\\"
            y=\\"52.36363636363637\\"
            height=\\"7.636363636363633\\"
            style=\\"opacity: 1; stroke: rgb(172, 189, 216); fill: rgb(172, 189, 216);\\"
      >
      </rect>
      <rect x=\\"309.85714285714283\\"
            width=\\"23.142857142857167\\"
            y=\\"54.43636363636364\\"
            height=\\"5.563636363636363\\"
            style=\\"opacity: 1; stroke: rgb(172, 189, 216); fill: rgb(172, 189, 216);\\"
      >
      </rect>
      <rect x=\\"335.57142857142856\\"
            width=\\"23.142857142857167\\"
            y=\\"54.43636363636364\\"
            height=\\"5.563636363636363\\"
            style=\\"opacity: 1; stroke: rgb(172, 189, 216); fill: rgb(172, 189, 216);\\"
      >
      </rect>
      <rect x=\\"361.2857142857143\\"
            width=\\"23.142857142857167\\"
            y=\\"60\\"
            height=\\"0\\"
            style=\\"opacity: 1; stroke: rgb(172, 189, 216); fill: rgb(172, 189, 216);\\"
      >
      </rect>
      <rect x=\\"387\\"
            width=\\"23.14285714285711\\"
            y=\\"54.43636363636364\\"
            height=\\"5.563636363636363\\"
            style=\\"opacity: 1; stroke: rgb(172, 189, 216); fill: rgb(172, 189, 216);\\"
      >
      </rect>
      <rect x=\\"412.71428571428567\\"
            width=\\"23.142857142857224\\"
            y=\\"60\\"
            height=\\"0\\"
            style=\\"opacity: 1; stroke: rgb(172, 189, 216); fill: rgb(172, 189, 216);\\"
      >
      </rect>
      <rect x=\\"438.4285714285714\\"
            width=\\"23.142857142857224\\"
            y=\\"60\\"
            height=\\"0\\"
            style=\\"opacity: 1; stroke: rgb(172, 189, 216); fill: rgb(172, 189, 216);\\"
      >
      </rect>
      <rect x=\\"464.1428571428571\\"
            width=\\"23.142857142857224\\"
            y=\\"54.43636363636364\\"
            height=\\"5.563636363636363\\"
            style=\\"opacity: 1; stroke: rgb(172, 189, 216); fill: rgb(172, 189, 216);\\"
      >
      </rect>
      <rect x=\\"489.8571428571429\\"
            width=\\"23.14285714285711\\"
            y=\\"60\\"
            height=\\"0\\"
            style=\\"opacity: 1; stroke: rgb(172, 189, 216); fill: rgb(172, 189, 216);\\"
      >
      </rect>
      <rect x=\\"515.5714285714286\\"
            width=\\"23.14285714285711\\"
            y=\\"60\\"
            height=\\"0\\"
            style=\\"opacity: 1; stroke: rgb(172, 189, 216); fill: rgb(172, 189, 216);\\"
      >
      </rect>
      <rect x=\\"541.2857142857143\\"
            width=\\"23.14285714285711\\"
            y=\\"60\\"
            height=\\"0\\"
            style=\\"opacity: 1; stroke: rgb(172, 189, 216); fill: rgb(172, 189, 216);\\"
      >
      </rect>
      <rect x=\\"567\\"
            width=\\"23.14285714285711\\"
            y=\\"60\\"
            height=\\"0\\"
            style=\\"opacity: 1; stroke: rgb(172, 189, 216); fill: rgb(172, 189, 216);\\"
      >
      </rect>
      <rect x=\\"592.7142857142857\\"
            width=\\"23.142857142857224\\"
            y=\\"60\\"
            height=\\"0\\"
            style=\\"opacity: 1; stroke: rgb(172, 189, 216); fill: rgb(172, 189, 216);\\"
      >
      </rect>
      <rect x=\\"618.4285714285714\\"
            width=\\"23.14285714285711\\"
            y=\\"54.43636363636364\\"
            height=\\"5.563636363636363\\"
            style=\\"opacity: 1; stroke: rgb(172, 189, 216); fill: rgb(172, 189, 216);\\"
      >
      </rect>
      <rect x=\\"644.1428571428571\\"
            width=\\"23.142857142857224\\"
            y=\\"54.43636363636364\\"
            height=\\"5.563636363636363\\"
            style=\\"opacity: 1; stroke: rgb(172, 189, 216); fill: rgb(172, 189, 216);\\"
      >
      </rect>
      <rect x=\\"669.8571428571429\\"
            width=\\"23.14285714285711\\"
            y=\\"60\\"
            height=\\"0\\"
            style=\\"opacity: 1; stroke: rgb(172, 189, 216); fill: rgb(172, 189, 216);\\"
      >
      </rect>
      <rect x=\\"695.5714285714286\\"
            width=\\"23.14285714285711\\"
            y=\\"54.43636363636364\\"
            height=\\"5.563636363636363\\"
            style=\\"opacity: 1; stroke: rgb(172, 189, 216); fill: rgb(172, 189, 216);\\"
      >
      </rect>
    </g>
    <g class=\\" rv-voronoi\\">
      <path class=\\"rv-voronoi__cell\\"
            d=\\"M95.71428599999999,120L95.71428599999999,20L70,20L70,120Z\\"
            fill=\\"none\\"
            style=\\"pointer-events: all;\\"
      >
      </path>
      <path class=\\"rv-voronoi__cell\\"
            d=\\"M95.71428599999999,20L95.71428599999999,120L121.42857149999999,120L121.42857149999999,20Z\\"
            fill=\\"none\\"
            style=\\"pointer-events: all;\\"
      >
      </path>
      <path class=\\"rv-voronoi__cell\\"
            d=\\"M121.42857149999999,20L121.42857149999999,120L147.142857,120L147.142857,20Z\\"
            fill=\\"none\\"
            style=\\"pointer-events: all;\\"
      >
      </path>
      <path class=\\"rv-voronoi__cell\\"
            d=\\"M147.142857,20L147.142857,120L172.857143,120L172.857143,20Z\\"
            fill=\\"none\\"
            style=\\"pointer-events: all;\\"
      >
      </path>
      <path class=\\"rv-voronoi__cell\\"
            d=\\"M172.857143,20L172.857143,120L198.57142849999997,120L198.57142849999997,20Z\\"
            fill=\\"none\\"
            style=\\"pointer-events: all;\\"
      >
      </path>
      <path class=\\"rv-voronoi__cell\\"
            d=\\"M198.57142849999997,20L198.57142849999997,120L224.28571399999998,120L224.28571399999998,20Z\\"
            fill=\\"none\\"
            style=\\"pointer-events: all;\\"
      >
      </path>
      <path class=\\"rv-voronoi__cell\\"
            d=\\"M224.28571399999998,20L224.28571399999998,120L250,120L250,20Z\\"
            fill=\\"none\\"
            style=\\"pointer-events: all;\\"
      >
      </path>
      <path class=\\"rv-voronoi__cell\\"
            d=\\"M250,20L250,120L275.714286,120L275.714286,20Z\\"
            fill=\\"none\\"
            style=\\"pointer-events: all;\\"
      >
      </path>
      <path class=\\"rv-voronoi__cell\\"
            d=\\"M275.714286,20L275.714286,120L301.4285715,120L301.4285715,20Z\\"
            fill=\\"none\\"
            style=\\"pointer-events: all;\\"
      >
      </path>
      <path class=\\"rv-voronoi__cell\\"
            d=\\"M301.4285715,20L301.4285715,120L327.142857,120L327.142857,20Z\\"
            fill=\\"none\\"
            style=\\"pointer-events: all;\\"
      >
      </path>
      <path class=\\"rv-voronoi__cell\\"
            d=\\"M327.142857,20L327.142857,120L352.85714299999995,120L352.85714299999995,20Z\\"
            fill=\\"none\\"
            style=\\"pointer-events: all;\\"
      >
      </path>
      <path class=\\"rv-voronoi__cell\\"
            d=\\"M352.85714299999995,20L352.85714299999995,120L378.57142849999997,120L378.57142849999997,20Z\\"
            fill=\\"none\\"
            style=\\"pointer-events: all;\\"
      >
      </path>
      <path class=\\"rv-voronoi__cell\\"
            d=\\"M378.57142849999997,20L378.57142849999997,120L404.285714,120L404.285714,20Z\\"
            fill=\\"none\\"
            style=\\"pointer-events: all;\\"
      >
      </path>
      <path class=\\"rv-voronoi__cell\\"
            d=\\"M404.285714,20L404.285714,120L430,120L430,20Z\\"
            fill=\\"none\\"
            style=\\"pointer-events: all;\\"
      >
      </path>
      <path class=\\"rv-voronoi__cell\\"
            d=\\"M430,20L430,120L455.714286,120L455.714286,20Z\\"
            fill=\\"none\\"
            style=\\"pointer-events: all;\\"
      >
      </path>
      <path class=\\"rv-voronoi__cell\\"
            d=\\"M455.714286,20L455.714286,120L481.4285715,120L481.4285715,20Z\\"
            fill=\\"none\\"
            style=\\"pointer-events: all;\\"
      >
      </path>
      <path class=\\"rv-voronoi__cell\\"
            d=\\"M481.4285715,20L481.4285715,120L507.142857,120L507.142857,20Z\\"
            fill=\\"none\\"
            style=\\"pointer-events: all;\\"
      >
      </path>
      <path class=\\"rv-voronoi__cell\\"
            d=\\"M507.142857,20L507.142857,120L532.857143,120L532.857143,20Z\\"
            fill=\\"none\\"
            style=\\"pointer-events: all;\\"
      >
      </path>
      <path class=\\"rv-voronoi__cell\\"
            d=\\"M532.857143,20L532.857143,120L558.5714284999999,120L558.5714284999999,20Z\\"
            fill=\\"none\\"
            style=\\"pointer-events: all;\\"
      >
      </path>
      <path class=\\"rv-voronoi__cell\\"
            d=\\"M558.5714284999999,20L558.5714284999999,120L584.2857139999999,120L584.2857139999999,20Z\\"
            fill=\\"none\\"
            style=\\"pointer-events: all;\\"
      >
      </path>
      <path class=\\"rv-voronoi__cell\\"
            d=\\"M584.2857139999999,20L584.2857139999999,120L610,120L610,20Z\\"
            fill=\\"none\\"
            style=\\"pointer-events: all;\\"
      >
      </path>
      <path class=\\"rv-voronoi__cell\\"
            d=\\"M610,20L610,120L635.7142859999999,120L635.7142859999999,20Z\\"
            fill=\\"none\\"
            style=\\"pointer-events: all;\\"
      >
      </path>
      <path class=\\"rv-voronoi__cell\\"
            d=\\"M635.7142859999999,20L635.7142859999999,120L661.4285715,120L661.4285715,20Z\\"
            fill=\\"none\\"
            style=\\"pointer-events: all;\\"
      >
      </path>
      <path class=\\"rv-voronoi__cell\\"
            d=\\"M661.4285715,20L661.4285715,120L687.142857,120L687.142857,20Z\\"
            fill=\\"none\\"
            style=\\"pointer-events: all;\\"
      >
      </path>
      <path class=\\"rv-voronoi__cell\\"
            d=\\"M687.142857,20L687.142857,120L712.857143,120L712.857143,20Z\\"
            fill=\\"none\\"
            style=\\"pointer-events: all;\\"
      >
      </path>
      <path class=\\"rv-voronoi__cell\\"
            d=\\"M712.857143,20L712.857143,120L738.5714284999999,120L738.5714284999999,20Z\\"
            fill=\\"none\\"
            style=\\"pointer-events: all;\\"
      >
      </path>
      <path class=\\"rv-voronoi__cell\\"
            d=\\"M738.5714284999999,20L738.5714284999999,120L764.2857139999999,120L764.2857139999999,20Z\\"
            fill=\\"none\\"
            style=\\"pointer-events: all;\\"
      >
      </path>
      <path class=\\"rv-voronoi__cell\\"
            d=\\"M764.2857139999999,20L764.2857139999999,120L800,120L800,20Z\\"
            fill=\\"none\\"
            style=\\"pointer-events: all;\\"
      >
      </path>
    </g>
  </svg>
</div>
"
`;

exports[`Histogram when hovering over a non-empty bucket should have correct markup for tooltip 1`] = `
"
<div class=\\"rv-hint  rv-hint--horizontalAlign-right
     rv-hint--verticalAlign-bottom\\"
     style=\\"margin-left: 1%; margin-right: 1%; left: 262.8571428571429px; top: 50px; position: absolute;\\"
>
  <div class=\\"sc-htpNat jejoiB\\">
    <div class=\\"sc-bxivhb etAnDE\\">
      811 - 869 ms
    </div>
    <div class=\\"sc-ifAKCX gVdyMJ\\">
      <div class=\\"sc-EHOje hxHpbH\\">
        <div class=\\"sc-bZQynM bHRdln sc-bdVaJa eWvHJG\\"
             font-size=\\"12px\\"
        >
          <span class=\\"sc-bwzfXH eKfWHj\\"
                color=\\"rgb(172, 189, 216)\\"
                radius=\\"8\\"
          >
          </span>
          <!-- react-text: 108 -->
          Requests
          <!-- /react-text -->
        </div>
        <div class=\\"sc-gzVnrw zwJEr\\">
          49.0
        </div>
      </div>
    </div>
  </div>
</div>
"
`;
